PREHOOK: query: create external table dynPart_n0 (key string) partitioned by (value string, value2 string) row format delimited fields terminated by '\\t' stored as textfile
PREHOOK: type: CREATETABLE
PREHOOK: Output: database:default
PREHOOK: Output: default@dynPart_n0
POSTHOOK: query: create external table dynPart_n0 (key string) partitioned by (value string, value2 string) row format delimited fields terminated by '\\t' stored as textfile
POSTHOOK: type: CREATETABLE
POSTHOOK: Output: database:default
POSTHOOK: Output: default@dynPart_n0
#### A masked pattern was here ####
PREHOOK: type: QUERY
PREHOOK: Input: default@src
#### A masked pattern was here ####
POSTHOOK: type: QUERY
POSTHOOK: Input: default@src
#### A masked pattern was here ####
PREHOOK: type: QUERY
PREHOOK: Input: default@src
#### A masked pattern was here ####
POSTHOOK: type: QUERY
POSTHOOK: Input: default@src
#### A masked pattern was here ####
PREHOOK: type: ALTERTABLE_ADDPARTS
#### A masked pattern was here ####
PREHOOK: Output: default@dynpart_n0
#### A masked pattern was here ####
POSTHOOK: type: ALTERTABLE_ADDPARTS
#### A masked pattern was here ####
POSTHOOK: Output: default@dynpart_n0
POSTHOOK: Output: default@dynpart_n0@value=0/value2=clusterA
PREHOOK: query: alter table dynPart_n0 add partition (value='0', value2='clusterB') location 'hdfs://### HDFS PATH ###'
PREHOOK: type: ALTERTABLE_ADDPARTS
PREHOOK: Input: hdfs://### HDFS PATH ###
PREHOOK: Output: default@dynpart_n0
POSTHOOK: query: alter table dynPart_n0 add partition (value='0', value2='clusterB') location 'hdfs://### HDFS PATH ###'
POSTHOOK: type: ALTERTABLE_ADDPARTS
POSTHOOK: Input: hdfs://### HDFS PATH ###
POSTHOOK: Output: default@dynpart_n0
POSTHOOK: Output: default@dynpart_n0@value=0/value2=clusterB
PREHOOK: query: select value2, key from dynPart_n0 where value='0'
PREHOOK: type: QUERY
PREHOOK: Input: default@dynpart_n0
PREHOOK: Input: default@dynpart_n0@value=0/value2=clusterA
PREHOOK: Input: default@dynpart_n0@value=0/value2=clusterB
PREHOOK: Output: hdfs://### HDFS PATH ###
POSTHOOK: query: select value2, key from dynPart_n0 where value='0'
POSTHOOK: type: QUERY
POSTHOOK: Input: default@dynpart_n0
POSTHOOK: Input: default@dynpart_n0@value=0/value2=clusterA
POSTHOOK: Input: default@dynpart_n0@value=0/value2=clusterB
POSTHOOK: Output: hdfs://### HDFS PATH ###
clusterA	10
clusterB	20
#### A masked pattern was here ####
