PREHOOK: query: drop table if exists foo
PREHOOK: type: DROPTABLE
POSTHOOK: query: drop table if exists foo
POSTHOOK: type: DROPTABLE
PREHOOK: query: create temporary table foo (a string) stored as orc
PREHOOK: type: CREATETABLE
PREHOOK: Output: database:default
PREHOOK: Output: default@foo
POSTHOOK: query: create temporary table foo (a string) stored as orc
POSTHOOK: type: CREATETABLE
POSTHOOK: Output: database:default
POSTHOOK: Output: default@foo
PREHOOK: query: insert into foo values("some foo"),("some bar"),(null)
PREHOOK: type: QUERY
PREHOOK: Input: _dummy_database@_dummy_table
PREHOOK: Output: default@foo
POSTHOOK: query: insert into foo values("some foo"),("some bar"),(null)
POSTHOOK: type: QUERY
POSTHOOK: Input: _dummy_database@_dummy_table
POSTHOOK: Output: default@foo
POSTHOOK: Lineage: foo.a SCRIPT []
PREHOOK: query: EXPLAIN VECTORIZATION DETAIL
select a, a like "%bar" from foo order by a
PREHOOK: type: QUERY
POSTHOOK: query: EXPLAIN VECTORIZATION DETAIL
select a, a like "%bar" from foo order by a
POSTHOOK: type: QUERY
PLAN VECTORIZATION:
  enabled: true
  enabledConditionsMet: [hive.vectorized.execution.enabled IS true]

STAGE DEPENDENCIES:
  Stage-1 is a root stage
  Stage-0 depends on stages: Stage-1

STAGE PLANS:
  Stage: Stage-1
    Tez
#### A masked pattern was here ####
      Edges:
        Reducer 2 <- Map 1 (SIMPLE_EDGE)
#### A masked pattern was here ####
      Vertices:
        Map 1 
            Map Operator Tree:
                TableScan
                  alias: foo
                  Statistics: Num rows: 3 Data size: 267 Basic stats: COMPLETE Column stats: COMPLETE
                  TableScan Vectorization:
                      native: true
                      vectorizationSchemaColumns: [0:a:string, 1:ROW__ID:struct<writeid:bigint,bucketid:int,rowid:bigint>]
                  Select Operator
                    expressions: a (type: string), (a like '%bar') (type: boolean)
                    outputColumnNames: _col0, _col1
                    Select Vectorization:
                        className: VectorSelectOperator
                        native: true
                        projectedOutputColumnNums: [0, 2]
                        selectExpressions: SelectStringColLikeStringScalar(col 0:string) -> 2:boolean
                    Statistics: Num rows: 3 Data size: 279 Basic stats: COMPLETE Column stats: COMPLETE
                    Reduce Output Operator
                      key expressions: _col0 (type: string)
                      sort order: +
                      Reduce Sink Vectorization:
                          className: VectorReduceSinkObjectHashOperator
                          keyColumnNums: [0]
                          native: true
                          nativeConditionsMet: hive.vectorized.execution.reducesink.new.enabled IS true, hive.execution.engine tez IN [tez, spark] IS true, No PTF TopN IS true, No DISTINCT columns IS true, BinarySortableSerDe for keys IS true, LazyBinarySerDe for values IS true
                          valueColumnNums: [2]
                      Statistics: Num rows: 3 Data size: 279 Basic stats: COMPLETE Column stats: COMPLETE
                      value expressions: _col1 (type: boolean)
            Execution mode: vectorized, llap
            LLAP IO: all inputs
            Map Vectorization:
                enabled: true
                enabledConditionsMet: hive.vectorized.use.vectorized.input.format IS true
                inputFormatFeatureSupport: [DECIMAL_64]
                featureSupportInUse: [DECIMAL_64]
                inputFileFormats: org.apache.hadoop.hive.ql.io.orc.OrcInputFormat
                allNative: true
                usesVectorUDFAdaptor: false
                vectorized: true
                rowBatchContext:
                    dataColumnCount: 1
                    includeColumns: [0]
                    dataColumns: a:string
                    partitionColumnCount: 0
                    scratchColumnTypeNames: [bigint]
        Reducer 2 
            Execution mode: vectorized, llap
            Reduce Vectorization:
                enabled: true
                enableConditionsMet: hive.vectorized.execution.reduce.enabled IS true, hive.execution.engine tez IN [tez, spark] IS true
                reduceColumnNullOrder: a
                reduceColumnSortOrder: +
                allNative: false
                usesVectorUDFAdaptor: false
                vectorized: true
                rowBatchContext:
                    dataColumnCount: 2
                    dataColumns: KEY.reducesinkkey0:string, VALUE._col0:boolean
                    partitionColumnCount: 0
                    scratchColumnTypeNames: []
            Reduce Operator Tree:
              Select Operator
                expressions: KEY.reducesinkkey0 (type: string), VALUE._col0 (type: boolean)
                outputColumnNames: _col0, _col1
                Select Vectorization:
                    className: VectorSelectOperator
                    native: true
                    projectedOutputColumnNums: [0, 1]
                Statistics: Num rows: 3 Data size: 279 Basic stats: COMPLETE Column stats: COMPLETE
                File Output Operator
                  compressed: false
                  File Sink Vectorization:
                      className: VectorFileSinkOperator
                      native: false
                  Statistics: Num rows: 3 Data size: 279 Basic stats: COMPLETE Column stats: COMPLETE
                  table:
                      input format: org.apache.hadoop.mapred.SequenceFileInputFormat
                      output format: org.apache.hadoop.hive.ql.io.HiveSequenceFileOutputFormat
                      serde: org.apache.hadoop.hive.serde2.lazy.LazySimpleSerDe

  Stage: Stage-0
    Fetch Operator
      limit: -1
      Processor Tree:
        ListSink

PREHOOK: query: select a, a like "%bar" from foo order by a
PREHOOK: type: QUERY
PREHOOK: Input: default@foo
#### A masked pattern was here ####
POSTHOOK: query: select a, a like "%bar" from foo order by a
POSTHOOK: type: QUERY
POSTHOOK: Input: default@foo
#### A masked pattern was here ####
NULL	NULL
some bar	true
some foo	false
PREHOOK: query: select a, a like "%bar" from foo order by a
PREHOOK: type: QUERY
PREHOOK: Input: default@foo
#### A masked pattern was here ####
POSTHOOK: query: select a, a like "%bar" from foo order by a
POSTHOOK: type: QUERY
POSTHOOK: Input: default@foo
#### A masked pattern was here ####
NULL	NULL
some bar	true
some foo	false
