PREHOOK: query: CREATE EXTERNAL TABLE hive_28518_test(`id` int,`name` string,`dt` timestamp) STORED AS PARQUET
PREHOOK: type: CREATETABLE
PREHOOK: Output: database:default
PREHOOK: Output: default@hive_28518_test
POSTHOOK: query: CREATE EXTERNAL TABLE hive_28518_test(`id` int,`name` string,`dt` timestamp) STORED AS PARQUET
POSTHOOK: type: CREATETABLE
POSTHOOK: Output: database:default
POSTHOOK: Output: default@hive_28518_test
PREHOOK: query: insert into hive_28518_test values (1, "test name" , cast('2024-08-09 14:08:26.326107' as timestamp))
PREHOOK: type: QUERY
PREHOOK: Input: _dummy_database@_dummy_table
PREHOOK: Output: default@hive_28518_test
POSTHOOK: query: insert into hive_28518_test values (1, "test name" , cast('2024-08-09 14:08:26.326107' as timestamp))
POSTHOOK: type: QUERY
POSTHOOK: Input: _dummy_database@_dummy_table
POSTHOOK: Output: default@hive_28518_test
POSTHOOK: Lineage: hive_28518_test.dt SCRIPT []
POSTHOOK: Lineage: hive_28518_test.id SCRIPT []
POSTHOOK: Lineage: hive_28518_test.name SCRIPT []
PREHOOK: query: ALTER TABLE hive_28518_test SET TBLPROPERTIES ('storage_handler'='org.apache.iceberg.mr.hive.HiveIcebergStorageHandler', 'format-version' = '2')
PREHOOK: type: ALTERTABLE_PROPERTIES
PREHOOK: Input: default@hive_28518_test
PREHOOK: Output: default@hive_28518_test
POSTHOOK: query: ALTER TABLE hive_28518_test SET TBLPROPERTIES ('storage_handler'='org.apache.iceberg.mr.hive.HiveIcebergStorageHandler', 'format-version' = '2')
POSTHOOK: type: ALTERTABLE_PROPERTIES
POSTHOOK: Input: default@hive_28518_test
POSTHOOK: Output: default@hive_28518_test
PREHOOK: query: select * from hive_28518_test
PREHOOK: type: QUERY
PREHOOK: Input: default@hive_28518_test
PREHOOK: Output: hdfs://### HDFS PATH ###
POSTHOOK: query: select * from hive_28518_test
POSTHOOK: type: QUERY
POSTHOOK: Input: default@hive_28518_test
POSTHOOK: Output: hdfs://### HDFS PATH ###
1	test name	2024-08-09 14:08:26.326107
PREHOOK: query: select * from hive_28518_test
PREHOOK: type: QUERY
PREHOOK: Input: default@hive_28518_test
PREHOOK: Output: hdfs://### HDFS PATH ###
POSTHOOK: query: select * from hive_28518_test
POSTHOOK: type: QUERY
POSTHOOK: Input: default@hive_28518_test
POSTHOOK: Output: hdfs://### HDFS PATH ###
1	test name	2024-08-09 14:08:26.326107
