PREHOOK: query: -- This test sets the maximum number of reduce tasks to 2 for overwriting a
-- table with 3 buckets, and uses a post-hook to confirm that 1 reducer was used

CREATE TABLE test_table(key int, value string) CLUSTERED BY (key) INTO 3 BUCKETS
PREHOOK: type: CREATETABLE
POSTHOOK: query: -- This test sets the maximum number of reduce tasks to 2 for overwriting a
-- table with 3 buckets, and uses a post-hook to confirm that 1 reducer was used

CREATE TABLE test_table(key int, value string) CLUSTERED BY (key) INTO 3 BUCKETS
POSTHOOK: type: CREATETABLE
POSTHOOK: Output: default@test_table
PREHOOK: query: insert overwrite table test_table
select * from src
PREHOOK: type: QUERY
PREHOOK: Input: default@src
PREHOOK: Output: default@test_table
