PREHOOK: query: DROP TABLE rcfile_merge2a
PREHOOK: type: DROPTABLE
POSTHOOK: query: DROP TABLE rcfile_merge2a
POSTHOOK: type: DROPTABLE
PREHOOK: query: CREATE TABLE rcfile_merge2a (key INT, value STRING)
    PARTITIONED BY (one string, two string, three string)
    STORED AS RCFILE
PREHOOK: type: CREATETABLE
POSTHOOK: query: CREATE TABLE rcfile_merge2a (key INT, value STRING)
    PARTITIONED BY (one string, two string, three string)
    STORED AS RCFILE
POSTHOOK: type: CREATETABLE
POSTHOOK: Output: default@rcfile_merge2a
PREHOOK: query: EXPLAIN INSERT OVERWRITE TABLE rcfile_merge2a PARTITION (one='1', two, three)
    SELECT key, value, PMOD(HASH(key), 10) as two, 
        PMOD(HASH(value), 10) as three
    FROM src
PREHOOK: type: QUERY
POSTHOOK: query: EXPLAIN INSERT OVERWRITE TABLE rcfile_merge2a PARTITION (one='1', two, three)
    SELECT key, value, PMOD(HASH(key), 10) as two, 
        PMOD(HASH(value), 10) as three
    FROM src
POSTHOOK: type: QUERY
ABSTRACT SYNTAX TREE:
  (TOK_QUERY (TOK_FROM (TOK_TABREF (TOK_TABNAME src))) (TOK_INSERT (TOK_DESTINATION (TOK_TAB (TOK_TABNAME rcfile_merge2a) (TOK_PARTSPEC (TOK_PARTVAL one '1') (TOK_PARTVAL two) (TOK_PARTVAL three)))) (TOK_SELECT (TOK_SELEXPR (TOK_TABLE_OR_COL key)) (TOK_SELEXPR (TOK_TABLE_OR_COL value)) (TOK_SELEXPR (TOK_FUNCTION PMOD (TOK_FUNCTION HASH (TOK_TABLE_OR_COL key)) 10) two) (TOK_SELEXPR (TOK_FUNCTION PMOD (TOK_FUNCTION HASH (TOK_TABLE_OR_COL value)) 10) three))))

STAGE DEPENDENCIES:
  Stage-1 is a root stage
  Stage-7 depends on stages: Stage-1 , consists of Stage-4, Stage-3, Stage-5
  Stage-4
  Stage-0 depends on stages: Stage-4, Stage-3, Stage-6
  Stage-2 depends on stages: Stage-0
  Stage-3
  Stage-5
  Stage-6 depends on stages: Stage-5

STAGE PLANS:
  Stage: Stage-1
    Map Reduce
      Alias -> Map Operator Tree:
        src 
          TableScan
            alias: src
            Select Operator
              expressions:
                    expr: UDFToInteger(key)
                    type: int
                    expr: value
                    type: string
                    expr: pmod(hash(key), 10)
                    type: int
                    expr: pmod(hash(value), 10)
                    type: int
              outputColumnNames: _col0, _col1, _col2, _col3
              File Output Operator
                compressed: false
                GlobalTableId: 1
                table:
                    input format: org.apache.hadoop.hive.ql.io.RCFileInputFormat
                    output format: org.apache.hadoop.hive.ql.io.RCFileOutputFormat
                    serde: org.apache.hadoop.hive.serde2.columnar.ColumnarSerDe
                    name: default.rcfile_merge2a

  Stage: Stage-7
    Conditional Operator

  Stage: Stage-4
    Move Operator
      files:
          hdfs directory: true
#### A masked pattern was here ####

  Stage: Stage-0
    Move Operator
      tables:
          partition:
            one 1
            three 
            two 
          replace: true
          table:
              input format: org.apache.hadoop.hive.ql.io.RCFileInputFormat
              output format: org.apache.hadoop.hive.ql.io.RCFileOutputFormat
              serde: org.apache.hadoop.hive.serde2.columnar.ColumnarSerDe
              name: default.rcfile_merge2a

  Stage: Stage-2
    Stats-Aggr Operator

  Stage: Stage-3
    Block level merge

  Stage: Stage-5
    Block level merge

  Stage: Stage-6
    Move Operator
      files:
          hdfs directory: true
#### A masked pattern was here ####


PREHOOK: query: INSERT OVERWRITE TABLE rcfile_merge2a PARTITION (one='1', two, three)
    SELECT key, value, PMOD(HASH(key), 10) as two, 
        PMOD(HASH(value), 10) as three
    FROM src
PREHOOK: type: QUERY
PREHOOK: Input: default@src
PREHOOK: Output: default@rcfile_merge2a@one=1
POSTHOOK: query: INSERT OVERWRITE TABLE rcfile_merge2a PARTITION (one='1', two, three)
    SELECT key, value, PMOD(HASH(key), 10) as two, 
        PMOD(HASH(value), 10) as three
    FROM src
POSTHOOK: type: QUERY
POSTHOOK: Input: default@src
POSTHOOK: Output: default@rcfile_merge2a@one=1/two=0/three=2
POSTHOOK: Output: default@rcfile_merge2a@one=1/two=0/three=8
POSTHOOK: Output: default@rcfile_merge2a@one=1/two=1/three=3
POSTHOOK: Output: default@rcfile_merge2a@one=1/two=1/three=9
POSTHOOK: Output: default@rcfile_merge2a@one=1/two=2/three=0
POSTHOOK: Output: default@rcfile_merge2a@one=1/two=2/three=4
POSTHOOK: Output: default@rcfile_merge2a@one=1/two=3/three=1
POSTHOOK: Output: default@rcfile_merge2a@one=1/two=3/three=5
POSTHOOK: Output: default@rcfile_merge2a@one=1/two=4/three=2
POSTHOOK: Output: default@rcfile_merge2a@one=1/two=4/three=6
POSTHOOK: Output: default@rcfile_merge2a@one=1/two=5/three=3
POSTHOOK: Output: default@rcfile_merge2a@one=1/two=5/three=7
POSTHOOK: Output: default@rcfile_merge2a@one=1/two=6/three=4
POSTHOOK: Output: default@rcfile_merge2a@one=1/two=6/three=8
POSTHOOK: Output: default@rcfile_merge2a@one=1/two=7/three=5
POSTHOOK: Output: default@rcfile_merge2a@one=1/two=7/three=9
POSTHOOK: Output: default@rcfile_merge2a@one=1/two=8/three=0
POSTHOOK: Output: default@rcfile_merge2a@one=1/two=8/three=6
POSTHOOK: Output: default@rcfile_merge2a@one=1/two=9/three=1
POSTHOOK: Output: default@rcfile_merge2a@one=1/two=9/three=7
POSTHOOK: Lineage: rcfile_merge2a PARTITION(one=1,two=0,three=2).key EXPRESSION [(src)src.FieldSchema(name:key, type:string, comment:default), ]
POSTHOOK: Lineage: rcfile_merge2a PARTITION(one=1,two=0,three=2).value SIMPLE [(src)src.FieldSchema(name:value, type:string, comment:default), ]
POSTHOOK: Lineage: rcfile_merge2a PARTITION(one=1,two=0,three=8).key EXPRESSION [(src)src.FieldSchema(name:key, type:string, comment:default), ]
POSTHOOK: Lineage: rcfile_merge2a PARTITION(one=1,two=0,three=8).value SIMPLE [(src)src.FieldSchema(name:value, type:string, comment:default), ]
POSTHOOK: Lineage: rcfile_merge2a PARTITION(one=1,two=1,three=3).key EXPRESSION [(src)src.FieldSchema(name:key, type:string, comment:default), ]
POSTHOOK: Lineage: rcfile_merge2a PARTITION(one=1,two=1,three=3).value SIMPLE [(src)src.FieldSchema(name:value, type:string, comment:default), ]
POSTHOOK: Lineage: rcfile_merge2a PARTITION(one=1,two=1,three=9).key EXPRESSION [(src)src.FieldSchema(name:key, type:string, comment:default), ]
POSTHOOK: Lineage: rcfile_merge2a PARTITION(one=1,two=1,three=9).value SIMPLE [(src)src.FieldSchema(name:value, type:string, comment:default), ]
POSTHOOK: Lineage: rcfile_merge2a PARTITION(one=1,two=2,three=0).key EXPRESSION [(src)src.FieldSchema(name:key, type:string, comment:default), ]
POSTHOOK: Lineage: rcfile_merge2a PARTITION(one=1,two=2,three=0).value SIMPLE [(src)src.FieldSchema(name:value, type:string, comment:default), ]
POSTHOOK: Lineage: rcfile_merge2a PARTITION(one=1,two=2,three=4).key EXPRESSION [(src)src.FieldSchema(name:key, type:string, comment:default), ]
POSTHOOK: Lineage: rcfile_merge2a PARTITION(one=1,two=2,three=4).value SIMPLE [(src)src.FieldSchema(name:value, type:string, comment:default), ]
POSTHOOK: Lineage: rcfile_merge2a PARTITION(one=1,two=3,three=1).key EXPRESSION [(src)src.FieldSchema(name:key, type:string, comment:default), ]
POSTHOOK: Lineage: rcfile_merge2a PARTITION(one=1,two=3,three=1).value SIMPLE [(src)src.FieldSchema(name:value, type:string, comment:default), ]
POSTHOOK: Lineage: rcfile_merge2a PARTITION(one=1,two=3,three=5).key EXPRESSION [(src)src.FieldSchema(name:key, type:string, comment:default), ]
POSTHOOK: Lineage: rcfile_merge2a PARTITION(one=1,two=3,three=5).value SIMPLE [(src)src.FieldSchema(name:value, type:string, comment:default), ]
POSTHOOK: Lineage: rcfile_merge2a PARTITION(one=1,two=4,three=2).key EXPRESSION [(src)src.FieldSchema(name:key, type:string, comment:default), ]
POSTHOOK: Lineage: rcfile_merge2a PARTITION(one=1,two=4,three=2).value SIMPLE [(src)src.FieldSchema(name:value, type:string, comment:default), ]
POSTHOOK: Lineage: rcfile_merge2a PARTITION(one=1,two=4,three=6).key EXPRESSION [(src)src.FieldSchema(name:key, type:string, comment:default), ]
POSTHOOK: Lineage: rcfile_merge2a PARTITION(one=1,two=4,three=6).value SIMPLE [(src)src.FieldSchema(name:value, type:string, comment:default), ]
POSTHOOK: Lineage: rcfile_merge2a PARTITION(one=1,two=5,three=3).key EXPRESSION [(src)src.FieldSchema(name:key, type:string, comment:default), ]
POSTHOOK: Lineage: rcfile_merge2a PARTITION(one=1,two=5,three=3).value SIMPLE [(src)src.FieldSchema(name:value, type:string, comment:default), ]
POSTHOOK: Lineage: rcfile_merge2a PARTITION(one=1,two=5,three=7).key EXPRESSION [(src)src.FieldSchema(name:key, type:string, comment:default), ]
POSTHOOK: Lineage: rcfile_merge2a PARTITION(one=1,two=5,three=7).value SIMPLE [(src)src.FieldSchema(name:value, type:string, comment:default), ]
POSTHOOK: Lineage: rcfile_merge2a PARTITION(one=1,two=6,three=4).key EXPRESSION [(src)src.FieldSchema(name:key, type:string, comment:default), ]
POSTHOOK: Lineage: rcfile_merge2a PARTITION(one=1,two=6,three=4).value SIMPLE [(src)src.FieldSchema(name:value, type:string, comment:default), ]
POSTHOOK: Lineage: rcfile_merge2a PARTITION(one=1,two=6,three=8).key EXPRESSION [(src)src.FieldSchema(name:key, type:string, comment:default), ]
POSTHOOK: Lineage: rcfile_merge2a PARTITION(one=1,two=6,three=8).value SIMPLE [(src)src.FieldSchema(name:value, type:string, comment:default), ]
POSTHOOK: Lineage: rcfile_merge2a PARTITION(one=1,two=7,three=5).key EXPRESSION [(src)src.FieldSchema(name:key, type:string, comment:default), ]
POSTHOOK: Lineage: rcfile_merge2a PARTITION(one=1,two=7,three=5).value SIMPLE [(src)src.FieldSchema(name:value, type:string, comment:default), ]
POSTHOOK: Lineage: rcfile_merge2a PARTITION(one=1,two=7,three=9).key EXPRESSION [(src)src.FieldSchema(name:key, type:string, comment:default), ]
POSTHOOK: Lineage: rcfile_merge2a PARTITION(one=1,two=7,three=9).value SIMPLE [(src)src.FieldSchema(name:value, type:string, comment:default), ]
POSTHOOK: Lineage: rcfile_merge2a PARTITION(one=1,two=8,three=0).key EXPRESSION [(src)src.FieldSchema(name:key, type:string, comment:default), ]
POSTHOOK: Lineage: rcfile_merge2a PARTITION(one=1,two=8,three=0).value SIMPLE [(src)src.FieldSchema(name:value, type:string, comment:default), ]
POSTHOOK: Lineage: rcfile_merge2a PARTITION(one=1,two=8,three=6).key EXPRESSION [(src)src.FieldSchema(name:key, type:string, comment:default), ]
POSTHOOK: Lineage: rcfile_merge2a PARTITION(one=1,two=8,three=6).value SIMPLE [(src)src.FieldSchema(name:value, type:string, comment:default), ]
POSTHOOK: Lineage: rcfile_merge2a PARTITION(one=1,two=9,three=1).key EXPRESSION [(src)src.FieldSchema(name:key, type:string, comment:default), ]
POSTHOOK: Lineage: rcfile_merge2a PARTITION(one=1,two=9,three=1).value SIMPLE [(src)src.FieldSchema(name:value, type:string, comment:default), ]
POSTHOOK: Lineage: rcfile_merge2a PARTITION(one=1,two=9,three=7).key EXPRESSION [(src)src.FieldSchema(name:key, type:string, comment:default), ]
POSTHOOK: Lineage: rcfile_merge2a PARTITION(one=1,two=9,three=7).value SIMPLE [(src)src.FieldSchema(name:value, type:string, comment:default), ]
PREHOOK: query: SELECT SUM(HASH(c)) FROM (
    SELECT TRANSFORM(*) USING 'tr \t _' AS (c)
    FROM rcfile_merge2a
) t
PREHOOK: type: QUERY
PREHOOK: Input: default@rcfile_merge2a
PREHOOK: Input: default@rcfile_merge2a@one=1/two=0/three=2
PREHOOK: Input: default@rcfile_merge2a@one=1/two=0/three=8
PREHOOK: Input: default@rcfile_merge2a@one=1/two=1/three=3
PREHOOK: Input: default@rcfile_merge2a@one=1/two=1/three=9
PREHOOK: Input: default@rcfile_merge2a@one=1/two=2/three=0
PREHOOK: Input: default@rcfile_merge2a@one=1/two=2/three=4
PREHOOK: Input: default@rcfile_merge2a@one=1/two=3/three=1
PREHOOK: Input: default@rcfile_merge2a@one=1/two=3/three=5
PREHOOK: Input: default@rcfile_merge2a@one=1/two=4/three=2
PREHOOK: Input: default@rcfile_merge2a@one=1/two=4/three=6
PREHOOK: Input: default@rcfile_merge2a@one=1/two=5/three=3
PREHOOK: Input: default@rcfile_merge2a@one=1/two=5/three=7
PREHOOK: Input: default@rcfile_merge2a@one=1/two=6/three=4
PREHOOK: Input: default@rcfile_merge2a@one=1/two=6/three=8
PREHOOK: Input: default@rcfile_merge2a@one=1/two=7/three=5
PREHOOK: Input: default@rcfile_merge2a@one=1/two=7/three=9
PREHOOK: Input: default@rcfile_merge2a@one=1/two=8/three=0
PREHOOK: Input: default@rcfile_merge2a@one=1/two=8/three=6
PREHOOK: Input: default@rcfile_merge2a@one=1/two=9/three=1
PREHOOK: Input: default@rcfile_merge2a@one=1/two=9/three=7
#### A masked pattern was here ####
POSTHOOK: query: SELECT SUM(HASH(c)) FROM (
    SELECT TRANSFORM(*) USING 'tr \t _' AS (c)
    FROM rcfile_merge2a
) t
POSTHOOK: type: QUERY
POSTHOOK: Input: default@rcfile_merge2a
POSTHOOK: Input: default@rcfile_merge2a@one=1/two=0/three=2
POSTHOOK: Input: default@rcfile_merge2a@one=1/two=0/three=8
POSTHOOK: Input: default@rcfile_merge2a@one=1/two=1/three=3
POSTHOOK: Input: default@rcfile_merge2a@one=1/two=1/three=9
POSTHOOK: Input: default@rcfile_merge2a@one=1/two=2/three=0
POSTHOOK: Input: default@rcfile_merge2a@one=1/two=2/three=4
POSTHOOK: Input: default@rcfile_merge2a@one=1/two=3/three=1
POSTHOOK: Input: default@rcfile_merge2a@one=1/two=3/three=5
POSTHOOK: Input: default@rcfile_merge2a@one=1/two=4/three=2
POSTHOOK: Input: default@rcfile_merge2a@one=1/two=4/three=6
POSTHOOK: Input: default@rcfile_merge2a@one=1/two=5/three=3
POSTHOOK: Input: default@rcfile_merge2a@one=1/two=5/three=7
POSTHOOK: Input: default@rcfile_merge2a@one=1/two=6/three=4
POSTHOOK: Input: default@rcfile_merge2a@one=1/two=6/three=8
POSTHOOK: Input: default@rcfile_merge2a@one=1/two=7/three=5
POSTHOOK: Input: default@rcfile_merge2a@one=1/two=7/three=9
POSTHOOK: Input: default@rcfile_merge2a@one=1/two=8/three=0
POSTHOOK: Input: default@rcfile_merge2a@one=1/two=8/three=6
POSTHOOK: Input: default@rcfile_merge2a@one=1/two=9/three=1
POSTHOOK: Input: default@rcfile_merge2a@one=1/two=9/three=7
#### A masked pattern was here ####
POSTHOOK: Lineage: rcfile_merge2a PARTITION(one=1,two=0,three=2).key EXPRESSION [(src)src.FieldSchema(name:key, type:string, comment:default), ]
POSTHOOK: Lineage: rcfile_merge2a PARTITION(one=1,two=0,three=2).value SIMPLE [(src)src.FieldSchema(name:value, type:string, comment:default), ]
POSTHOOK: Lineage: rcfile_merge2a PARTITION(one=1,two=0,three=8).key EXPRESSION [(src)src.FieldSchema(name:key, type:string, comment:default), ]
POSTHOOK: Lineage: rcfile_merge2a PARTITION(one=1,two=0,three=8).value SIMPLE [(src)src.FieldSchema(name:value, type:string, comment:default), ]
POSTHOOK: Lineage: rcfile_merge2a PARTITION(one=1,two=1,three=3).key EXPRESSION [(src)src.FieldSchema(name:key, type:string, comment:default), ]
POSTHOOK: Lineage: rcfile_merge2a PARTITION(one=1,two=1,three=3).value SIMPLE [(src)src.FieldSchema(name:value, type:string, comment:default), ]
POSTHOOK: Lineage: rcfile_merge2a PARTITION(one=1,two=1,three=9).key EXPRESSION [(src)src.FieldSchema(name:key, type:string, comment:default), ]
POSTHOOK: Lineage: rcfile_merge2a PARTITION(one=1,two=1,three=9).value SIMPLE [(src)src.FieldSchema(name:value, type:string, comment:default), ]
POSTHOOK: Lineage: rcfile_merge2a PARTITION(one=1,two=2,three=0).key EXPRESSION [(src)src.FieldSchema(name:key, type:string, comment:default), ]
POSTHOOK: Lineage: rcfile_merge2a PARTITION(one=1,two=2,three=0).value SIMPLE [(src)src.FieldSchema(name:value, type:string, comment:default), ]
POSTHOOK: Lineage: rcfile_merge2a PARTITION(one=1,two=2,three=4).key EXPRESSION [(src)src.FieldSchema(name:key, type:string, comment:default), ]
POSTHOOK: Lineage: rcfile_merge2a PARTITION(one=1,two=2,three=4).value SIMPLE [(src)src.FieldSchema(name:value, type:string, comment:default), ]
POSTHOOK: Lineage: rcfile_merge2a PARTITION(one=1,two=3,three=1).key EXPRESSION [(src)src.FieldSchema(name:key, type:string, comment:default), ]
POSTHOOK: Lineage: rcfile_merge2a PARTITION(one=1,two=3,three=1).value SIMPLE [(src)src.FieldSchema(name:value, type:string, comment:default), ]
POSTHOOK: Lineage: rcfile_merge2a PARTITION(one=1,two=3,three=5).key EXPRESSION [(src)src.FieldSchema(name:key, type:string, comment:default), ]
POSTHOOK: Lineage: rcfile_merge2a PARTITION(one=1,two=3,three=5).value SIMPLE [(src)src.FieldSchema(name:value, type:string, comment:default), ]
POSTHOOK: Lineage: rcfile_merge2a PARTITION(one=1,two=4,three=2).key EXPRESSION [(src)src.FieldSchema(name:key, type:string, comment:default), ]
POSTHOOK: Lineage: rcfile_merge2a PARTITION(one=1,two=4,three=2).value SIMPLE [(src)src.FieldSchema(name:value, type:string, comment:default), ]
POSTHOOK: Lineage: rcfile_merge2a PARTITION(one=1,two=4,three=6).key EXPRESSION [(src)src.FieldSchema(name:key, type:string, comment:default), ]
POSTHOOK: Lineage: rcfile_merge2a PARTITION(one=1,two=4,three=6).value SIMPLE [(src)src.FieldSchema(name:value, type:string, comment:default), ]
POSTHOOK: Lineage: rcfile_merge2a PARTITION(one=1,two=5,three=3).key EXPRESSION [(src)src.FieldSchema(name:key, type:string, comment:default), ]
POSTHOOK: Lineage: rcfile_merge2a PARTITION(one=1,two=5,three=3).value SIMPLE [(src)src.FieldSchema(name:value, type:string, comment:default), ]
POSTHOOK: Lineage: rcfile_merge2a PARTITION(one=1,two=5,three=7).key EXPRESSION [(src)src.FieldSchema(name:key, type:string, comment:default), ]
POSTHOOK: Lineage: rcfile_merge2a PARTITION(one=1,two=5,three=7).value SIMPLE [(src)src.FieldSchema(name:value, type:string, comment:default), ]
POSTHOOK: Lineage: rcfile_merge2a PARTITION(one=1,two=6,three=4).key EXPRESSION [(src)src.FieldSchema(name:key, type:string, comment:default), ]
POSTHOOK: Lineage: rcfile_merge2a PARTITION(one=1,two=6,three=4).value SIMPLE [(src)src.FieldSchema(name:value, type:string, comment:default), ]
POSTHOOK: Lineage: rcfile_merge2a PARTITION(one=1,two=6,three=8).key EXPRESSION [(src)src.FieldSchema(name:key, type:string, comment:default), ]
POSTHOOK: Lineage: rcfile_merge2a PARTITION(one=1,two=6,three=8).value SIMPLE [(src)src.FieldSchema(name:value, type:string, comment:default), ]
POSTHOOK: Lineage: rcfile_merge2a PARTITION(one=1,two=7,three=5).key EXPRESSION [(src)src.FieldSchema(name:key, type:string, comment:default), ]
POSTHOOK: Lineage: rcfile_merge2a PARTITION(one=1,two=7,three=5).value SIMPLE [(src)src.FieldSchema(name:value, type:string, comment:default), ]
POSTHOOK: Lineage: rcfile_merge2a PARTITION(one=1,two=7,three=9).key EXPRESSION [(src)src.FieldSchema(name:key, type:string, comment:default), ]
POSTHOOK: Lineage: rcfile_merge2a PARTITION(one=1,two=7,three=9).value SIMPLE [(src)src.FieldSchema(name:value, type:string, comment:default), ]
POSTHOOK: Lineage: rcfile_merge2a PARTITION(one=1,two=8,three=0).key EXPRESSION [(src)src.FieldSchema(name:key, type:string, comment:default), ]
POSTHOOK: Lineage: rcfile_merge2a PARTITION(one=1,two=8,three=0).value SIMPLE [(src)src.FieldSchema(name:value, type:string, comment:default), ]
POSTHOOK: Lineage: rcfile_merge2a PARTITION(one=1,two=8,three=6).key EXPRESSION [(src)src.FieldSchema(name:key, type:string, comment:default), ]
POSTHOOK: Lineage: rcfile_merge2a PARTITION(one=1,two=8,three=6).value SIMPLE [(src)src.FieldSchema(name:value, type:string, comment:default), ]
POSTHOOK: Lineage: rcfile_merge2a PARTITION(one=1,two=9,three=1).key EXPRESSION [(src)src.FieldSchema(name:key, type:string, comment:default), ]
POSTHOOK: Lineage: rcfile_merge2a PARTITION(one=1,two=9,three=1).value SIMPLE [(src)src.FieldSchema(name:value, type:string, comment:default), ]
POSTHOOK: Lineage: rcfile_merge2a PARTITION(one=1,two=9,three=7).key EXPRESSION [(src)src.FieldSchema(name:key, type:string, comment:default), ]
POSTHOOK: Lineage: rcfile_merge2a PARTITION(one=1,two=9,three=7).value SIMPLE [(src)src.FieldSchema(name:value, type:string, comment:default), ]
-4209012844
PREHOOK: query: SELECT SUM(HASH(c)) FROM (
    SELECT TRANSFORM(key, value, '1', PMOD(HASH(key), 10), 
        PMOD(HASH(value), 10)) USING 'tr \t _' AS (c)
    FROM src
) t
PREHOOK: type: QUERY
PREHOOK: Input: default@src
#### A masked pattern was here ####
POSTHOOK: query: SELECT SUM(HASH(c)) FROM (
    SELECT TRANSFORM(key, value, '1', PMOD(HASH(key), 10), 
        PMOD(HASH(value), 10)) USING 'tr \t _' AS (c)
    FROM src
) t
POSTHOOK: type: QUERY
POSTHOOK: Input: default@src
#### A masked pattern was here ####
POSTHOOK: Lineage: rcfile_merge2a PARTITION(one=1,two=0,three=2).key EXPRESSION [(src)src.FieldSchema(name:key, type:string, comment:default), ]
POSTHOOK: Lineage: rcfile_merge2a PARTITION(one=1,two=0,three=2).value SIMPLE [(src)src.FieldSchema(name:value, type:string, comment:default), ]
POSTHOOK: Lineage: rcfile_merge2a PARTITION(one=1,two=0,three=8).key EXPRESSION [(src)src.FieldSchema(name:key, type:string, comment:default), ]
POSTHOOK: Lineage: rcfile_merge2a PARTITION(one=1,two=0,three=8).value SIMPLE [(src)src.FieldSchema(name:value, type:string, comment:default), ]
POSTHOOK: Lineage: rcfile_merge2a PARTITION(one=1,two=1,three=3).key EXPRESSION [(src)src.FieldSchema(name:key, type:string, comment:default), ]
POSTHOOK: Lineage: rcfile_merge2a PARTITION(one=1,two=1,three=3).value SIMPLE [(src)src.FieldSchema(name:value, type:string, comment:default), ]
POSTHOOK: Lineage: rcfile_merge2a PARTITION(one=1,two=1,three=9).key EXPRESSION [(src)src.FieldSchema(name:key, type:string, comment:default), ]
POSTHOOK: Lineage: rcfile_merge2a PARTITION(one=1,two=1,three=9).value SIMPLE [(src)src.FieldSchema(name:value, type:string, comment:default), ]
POSTHOOK: Lineage: rcfile_merge2a PARTITION(one=1,two=2,three=0).key EXPRESSION [(src)src.FieldSchema(name:key, type:string, comment:default), ]
POSTHOOK: Lineage: rcfile_merge2a PARTITION(one=1,two=2,three=0).value SIMPLE [(src)src.FieldSchema(name:value, type:string, comment:default), ]
POSTHOOK: Lineage: rcfile_merge2a PARTITION(one=1,two=2,three=4).key EXPRESSION [(src)src.FieldSchema(name:key, type:string, comment:default), ]
POSTHOOK: Lineage: rcfile_merge2a PARTITION(one=1,two=2,three=4).value SIMPLE [(src)src.FieldSchema(name:value, type:string, comment:default), ]
POSTHOOK: Lineage: rcfile_merge2a PARTITION(one=1,two=3,three=1).key EXPRESSION [(src)src.FieldSchema(name:key, type:string, comment:default), ]
POSTHOOK: Lineage: rcfile_merge2a PARTITION(one=1,two=3,three=1).value SIMPLE [(src)src.FieldSchema(name:value, type:string, comment:default), ]
POSTHOOK: Lineage: rcfile_merge2a PARTITION(one=1,two=3,three=5).key EXPRESSION [(src)src.FieldSchema(name:key, type:string, comment:default), ]
POSTHOOK: Lineage: rcfile_merge2a PARTITION(one=1,two=3,three=5).value SIMPLE [(src)src.FieldSchema(name:value, type:string, comment:default), ]
POSTHOOK: Lineage: rcfile_merge2a PARTITION(one=1,two=4,three=2).key EXPRESSION [(src)src.FieldSchema(name:key, type:string, comment:default), ]
POSTHOOK: Lineage: rcfile_merge2a PARTITION(one=1,two=4,three=2).value SIMPLE [(src)src.FieldSchema(name:value, type:string, comment:default), ]
POSTHOOK: Lineage: rcfile_merge2a PARTITION(one=1,two=4,three=6).key EXPRESSION [(src)src.FieldSchema(name:key, type:string, comment:default), ]
POSTHOOK: Lineage: rcfile_merge2a PARTITION(one=1,two=4,three=6).value SIMPLE [(src)src.FieldSchema(name:value, type:string, comment:default), ]
POSTHOOK: Lineage: rcfile_merge2a PARTITION(one=1,two=5,three=3).key EXPRESSION [(src)src.FieldSchema(name:key, type:string, comment:default), ]
POSTHOOK: Lineage: rcfile_merge2a PARTITION(one=1,two=5,three=3).value SIMPLE [(src)src.FieldSchema(name:value, type:string, comment:default), ]
POSTHOOK: Lineage: rcfile_merge2a PARTITION(one=1,two=5,three=7).key EXPRESSION [(src)src.FieldSchema(name:key, type:string, comment:default), ]
POSTHOOK: Lineage: rcfile_merge2a PARTITION(one=1,two=5,three=7).value SIMPLE [(src)src.FieldSchema(name:value, type:string, comment:default), ]
POSTHOOK: Lineage: rcfile_merge2a PARTITION(one=1,two=6,three=4).key EXPRESSION [(src)src.FieldSchema(name:key, type:string, comment:default), ]
POSTHOOK: Lineage: rcfile_merge2a PARTITION(one=1,two=6,three=4).value SIMPLE [(src)src.FieldSchema(name:value, type:string, comment:default), ]
POSTHOOK: Lineage: rcfile_merge2a PARTITION(one=1,two=6,three=8).key EXPRESSION [(src)src.FieldSchema(name:key, type:string, comment:default), ]
POSTHOOK: Lineage: rcfile_merge2a PARTITION(one=1,two=6,three=8).value SIMPLE [(src)src.FieldSchema(name:value, type:string, comment:default), ]
POSTHOOK: Lineage: rcfile_merge2a PARTITION(one=1,two=7,three=5).key EXPRESSION [(src)src.FieldSchema(name:key, type:string, comment:default), ]
POSTHOOK: Lineage: rcfile_merge2a PARTITION(one=1,two=7,three=5).value SIMPLE [(src)src.FieldSchema(name:value, type:string, comment:default), ]
POSTHOOK: Lineage: rcfile_merge2a PARTITION(one=1,two=7,three=9).key EXPRESSION [(src)src.FieldSchema(name:key, type:string, comment:default), ]
POSTHOOK: Lineage: rcfile_merge2a PARTITION(one=1,two=7,three=9).value SIMPLE [(src)src.FieldSchema(name:value, type:string, comment:default), ]
POSTHOOK: Lineage: rcfile_merge2a PARTITION(one=1,two=8,three=0).key EXPRESSION [(src)src.FieldSchema(name:key, type:string, comment:default), ]
POSTHOOK: Lineage: rcfile_merge2a PARTITION(one=1,two=8,three=0).value SIMPLE [(src)src.FieldSchema(name:value, type:string, comment:default), ]
POSTHOOK: Lineage: rcfile_merge2a PARTITION(one=1,two=8,three=6).key EXPRESSION [(src)src.FieldSchema(name:key, type:string, comment:default), ]
POSTHOOK: Lineage: rcfile_merge2a PARTITION(one=1,two=8,three=6).value SIMPLE [(src)src.FieldSchema(name:value, type:string, comment:default), ]
POSTHOOK: Lineage: rcfile_merge2a PARTITION(one=1,two=9,three=1).key EXPRESSION [(src)src.FieldSchema(name:key, type:string, comment:default), ]
POSTHOOK: Lineage: rcfile_merge2a PARTITION(one=1,two=9,three=1).value SIMPLE [(src)src.FieldSchema(name:value, type:string, comment:default), ]
POSTHOOK: Lineage: rcfile_merge2a PARTITION(one=1,two=9,three=7).key EXPRESSION [(src)src.FieldSchema(name:key, type:string, comment:default), ]
POSTHOOK: Lineage: rcfile_merge2a PARTITION(one=1,two=9,three=7).value SIMPLE [(src)src.FieldSchema(name:value, type:string, comment:default), ]
-4209012844
PREHOOK: query: DROP TABLE rcfile_merge2a
PREHOOK: type: DROPTABLE
PREHOOK: Input: default@rcfile_merge2a
PREHOOK: Output: default@rcfile_merge2a
POSTHOOK: query: DROP TABLE rcfile_merge2a
POSTHOOK: type: DROPTABLE
POSTHOOK: Input: default@rcfile_merge2a
POSTHOOK: Output: default@rcfile_merge2a
POSTHOOK: Lineage: rcfile_merge2a PARTITION(one=1,two=0,three=2).key EXPRESSION [(src)src.FieldSchema(name:key, type:string, comment:default), ]
POSTHOOK: Lineage: rcfile_merge2a PARTITION(one=1,two=0,three=2).value SIMPLE [(src)src.FieldSchema(name:value, type:string, comment:default), ]
POSTHOOK: Lineage: rcfile_merge2a PARTITION(one=1,two=0,three=8).key EXPRESSION [(src)src.FieldSchema(name:key, type:string, comment:default), ]
POSTHOOK: Lineage: rcfile_merge2a PARTITION(one=1,two=0,three=8).value SIMPLE [(src)src.FieldSchema(name:value, type:string, comment:default), ]
POSTHOOK: Lineage: rcfile_merge2a PARTITION(one=1,two=1,three=3).key EXPRESSION [(src)src.FieldSchema(name:key, type:string, comment:default), ]
POSTHOOK: Lineage: rcfile_merge2a PARTITION(one=1,two=1,three=3).value SIMPLE [(src)src.FieldSchema(name:value, type:string, comment:default), ]
POSTHOOK: Lineage: rcfile_merge2a PARTITION(one=1,two=1,three=9).key EXPRESSION [(src)src.FieldSchema(name:key, type:string, comment:default), ]
POSTHOOK: Lineage: rcfile_merge2a PARTITION(one=1,two=1,three=9).value SIMPLE [(src)src.FieldSchema(name:value, type:string, comment:default), ]
POSTHOOK: Lineage: rcfile_merge2a PARTITION(one=1,two=2,three=0).key EXPRESSION [(src)src.FieldSchema(name:key, type:string, comment:default), ]
POSTHOOK: Lineage: rcfile_merge2a PARTITION(one=1,two=2,three=0).value SIMPLE [(src)src.FieldSchema(name:value, type:string, comment:default), ]
POSTHOOK: Lineage: rcfile_merge2a PARTITION(one=1,two=2,three=4).key EXPRESSION [(src)src.FieldSchema(name:key, type:string, comment:default), ]
POSTHOOK: Lineage: rcfile_merge2a PARTITION(one=1,two=2,three=4).value SIMPLE [(src)src.FieldSchema(name:value, type:string, comment:default), ]
POSTHOOK: Lineage: rcfile_merge2a PARTITION(one=1,two=3,three=1).key EXPRESSION [(src)src.FieldSchema(name:key, type:string, comment:default), ]
POSTHOOK: Lineage: rcfile_merge2a PARTITION(one=1,two=3,three=1).value SIMPLE [(src)src.FieldSchema(name:value, type:string, comment:default), ]
POSTHOOK: Lineage: rcfile_merge2a PARTITION(one=1,two=3,three=5).key EXPRESSION [(src)src.FieldSchema(name:key, type:string, comment:default), ]
POSTHOOK: Lineage: rcfile_merge2a PARTITION(one=1,two=3,three=5).value SIMPLE [(src)src.FieldSchema(name:value, type:string, comment:default), ]
POSTHOOK: Lineage: rcfile_merge2a PARTITION(one=1,two=4,three=2).key EXPRESSION [(src)src.FieldSchema(name:key, type:string, comment:default), ]
POSTHOOK: Lineage: rcfile_merge2a PARTITION(one=1,two=4,three=2).value SIMPLE [(src)src.FieldSchema(name:value, type:string, comment:default), ]
POSTHOOK: Lineage: rcfile_merge2a PARTITION(one=1,two=4,three=6).key EXPRESSION [(src)src.FieldSchema(name:key, type:string, comment:default), ]
POSTHOOK: Lineage: rcfile_merge2a PARTITION(one=1,two=4,three=6).value SIMPLE [(src)src.FieldSchema(name:value, type:string, comment:default), ]
POSTHOOK: Lineage: rcfile_merge2a PARTITION(one=1,two=5,three=3).key EXPRESSION [(src)src.FieldSchema(name:key, type:string, comment:default), ]
POSTHOOK: Lineage: rcfile_merge2a PARTITION(one=1,two=5,three=3).value SIMPLE [(src)src.FieldSchema(name:value, type:string, comment:default), ]
POSTHOOK: Lineage: rcfile_merge2a PARTITION(one=1,two=5,three=7).key EXPRESSION [(src)src.FieldSchema(name:key, type:string, comment:default), ]
POSTHOOK: Lineage: rcfile_merge2a PARTITION(one=1,two=5,three=7).value SIMPLE [(src)src.FieldSchema(name:value, type:string, comment:default), ]
POSTHOOK: Lineage: rcfile_merge2a PARTITION(one=1,two=6,three=4).key EXPRESSION [(src)src.FieldSchema(name:key, type:string, comment:default), ]
POSTHOOK: Lineage: rcfile_merge2a PARTITION(one=1,two=6,three=4).value SIMPLE [(src)src.FieldSchema(name:value, type:string, comment:default), ]
POSTHOOK: Lineage: rcfile_merge2a PARTITION(one=1,two=6,three=8).key EXPRESSION [(src)src.FieldSchema(name:key, type:string, comment:default), ]
POSTHOOK: Lineage: rcfile_merge2a PARTITION(one=1,two=6,three=8).value SIMPLE [(src)src.FieldSchema(name:value, type:string, comment:default), ]
POSTHOOK: Lineage: rcfile_merge2a PARTITION(one=1,two=7,three=5).key EXPRESSION [(src)src.FieldSchema(name:key, type:string, comment:default), ]
POSTHOOK: Lineage: rcfile_merge2a PARTITION(one=1,two=7,three=5).value SIMPLE [(src)src.FieldSchema(name:value, type:string, comment:default), ]
POSTHOOK: Lineage: rcfile_merge2a PARTITION(one=1,two=7,three=9).key EXPRESSION [(src)src.FieldSchema(name:key, type:string, comment:default), ]
POSTHOOK: Lineage: rcfile_merge2a PARTITION(one=1,two=7,three=9).value SIMPLE [(src)src.FieldSchema(name:value, type:string, comment:default), ]
POSTHOOK: Lineage: rcfile_merge2a PARTITION(one=1,two=8,three=0).key EXPRESSION [(src)src.FieldSchema(name:key, type:string, comment:default), ]
POSTHOOK: Lineage: rcfile_merge2a PARTITION(one=1,two=8,three=0).value SIMPLE [(src)src.FieldSchema(name:value, type:string, comment:default), ]
POSTHOOK: Lineage: rcfile_merge2a PARTITION(one=1,two=8,three=6).key EXPRESSION [(src)src.FieldSchema(name:key, type:string, comment:default), ]
POSTHOOK: Lineage: rcfile_merge2a PARTITION(one=1,two=8,three=6).value SIMPLE [(src)src.FieldSchema(name:value, type:string, comment:default), ]
POSTHOOK: Lineage: rcfile_merge2a PARTITION(one=1,two=9,three=1).key EXPRESSION [(src)src.FieldSchema(name:key, type:string, comment:default), ]
POSTHOOK: Lineage: rcfile_merge2a PARTITION(one=1,two=9,three=1).value SIMPLE [(src)src.FieldSchema(name:value, type:string, comment:default), ]
POSTHOOK: Lineage: rcfile_merge2a PARTITION(one=1,two=9,three=7).key EXPRESSION [(src)src.FieldSchema(name:key, type:string, comment:default), ]
POSTHOOK: Lineage: rcfile_merge2a PARTITION(one=1,two=9,three=7).value SIMPLE [(src)src.FieldSchema(name:value, type:string, comment:default), ]
