PREHOOK: query: DROP TABLE blobstore_partitioned_source_table
PREHOOK: type: DROPTABLE
POSTHOOK: query: DROP TABLE blobstore_partitioned_source_table
POSTHOOK: type: DROPTABLE
PREHOOK: query: CREATE TABLE blobstore_partitioned_source_table (
  a int, b int, c string
)
PARTITIONED BY (dt int, hour int)
ROW FORMAT DELIMITED
FIELDS TERMINATED BY ' '
COLLECTION ITEMS TERMINATED BY '\t'
#### A masked pattern was here ####
PREHOOK: type: CREATETABLE
PREHOOK: Input: ### test.blobstore.path ###/create_like/data
PREHOOK: Output: database:default
PREHOOK: Output: default@blobstore_partitioned_source_table
POSTHOOK: query: CREATE TABLE blobstore_partitioned_source_table (
  a int, b int, c string
)
PARTITIONED BY (dt int, hour int)
ROW FORMAT DELIMITED
FIELDS TERMINATED BY ' '
COLLECTION ITEMS TERMINATED BY '\t'
#### A masked pattern was here ####
POSTHOOK: type: CREATETABLE
POSTHOOK: Input: ### test.blobstore.path ###/create_like/data
POSTHOOK: Output: database:default
POSTHOOK: Output: default@blobstore_partitioned_source_table
PREHOOK: query: LOAD DATA LOCAL INPATH '../../data/files/test_data' OVERWRITE INTO TABLE blobstore_partitioned_source_table
PARTITION (dt=20110924, hour=1)
PREHOOK: type: LOAD
#### A masked pattern was here ####
PREHOOK: Output: default@blobstore_partitioned_source_table
POSTHOOK: query: LOAD DATA LOCAL INPATH '../../data/files/test_data' OVERWRITE INTO TABLE blobstore_partitioned_source_table
PARTITION (dt=20110924, hour=1)
POSTHOOK: type: LOAD
#### A masked pattern was here ####
POSTHOOK: Output: default@blobstore_partitioned_source_table
POSTHOOK: Output: default@blobstore_partitioned_source_table@dt=20110924/hour=1
PREHOOK: query: LOAD DATA LOCAL INPATH '../../data/files/test_data' OVERWRITE INTO TABLE blobstore_partitioned_source_table
PARTITION (dt=20110924, hour=2)
PREHOOK: type: LOAD
#### A masked pattern was here ####
PREHOOK: Output: default@blobstore_partitioned_source_table
POSTHOOK: query: LOAD DATA LOCAL INPATH '../../data/files/test_data' OVERWRITE INTO TABLE blobstore_partitioned_source_table
PARTITION (dt=20110924, hour=2)
POSTHOOK: type: LOAD
#### A masked pattern was here ####
POSTHOOK: Output: default@blobstore_partitioned_source_table
POSTHOOK: Output: default@blobstore_partitioned_source_table@dt=20110924/hour=2
PREHOOK: query: LOAD DATA LOCAL INPATH '../../data/files/test_data' OVERWRITE INTO TABLE blobstore_partitioned_source_table
PARTITION (dt=20110925, hour=1)
PREHOOK: type: LOAD
#### A masked pattern was here ####
PREHOOK: Output: default@blobstore_partitioned_source_table
POSTHOOK: query: LOAD DATA LOCAL INPATH '../../data/files/test_data' OVERWRITE INTO TABLE blobstore_partitioned_source_table
PARTITION (dt=20110925, hour=1)
POSTHOOK: type: LOAD
#### A masked pattern was here ####
POSTHOOK: Output: default@blobstore_partitioned_source_table
POSTHOOK: Output: default@blobstore_partitioned_source_table@dt=20110925/hour=1
PREHOOK: query: LOAD DATA LOCAL INPATH '../../data/files/test_data' OVERWRITE INTO TABLE blobstore_partitioned_source_table
PARTITION (dt=20110925, hour=2)
PREHOOK: type: LOAD
#### A masked pattern was here ####
PREHOOK: Output: default@blobstore_partitioned_source_table
POSTHOOK: query: LOAD DATA LOCAL INPATH '../../data/files/test_data' OVERWRITE INTO TABLE blobstore_partitioned_source_table
PARTITION (dt=20110925, hour=2)
POSTHOOK: type: LOAD
#### A masked pattern was here ####
POSTHOOK: Output: default@blobstore_partitioned_source_table
POSTHOOK: Output: default@blobstore_partitioned_source_table@dt=20110925/hour=2
PREHOOK: query: DROP TABLE like_table
PREHOOK: type: DROPTABLE
POSTHOOK: query: DROP TABLE like_table
POSTHOOK: type: DROPTABLE
#### A masked pattern was here ####
PREHOOK: type: CREATETABLE
PREHOOK: Input: ### test.blobstore.path ###/create_like/data
PREHOOK: Output: database:default
PREHOOK: Output: default@like_table
#### A masked pattern was here ####
POSTHOOK: type: CREATETABLE
POSTHOOK: Input: ### test.blobstore.path ###/create_like/data
POSTHOOK: Output: database:default
POSTHOOK: Output: default@like_table
PREHOOK: query: MSCK REPAIR TABLE like_table
PREHOOK: type: MSCK
PREHOOK: Output: default@like_table
POSTHOOK: query: MSCK REPAIR TABLE like_table
POSTHOOK: type: MSCK
POSTHOOK: Output: default@like_table
Partitions not in metastore:	like_table:dt=20110924/hour=1	like_table:dt=20110924/hour=2	like_table:dt=20110925/hour=1	like_table:dt=20110925/hour=2
Repair: Added partition to metastore like_table:dt=20110924/hour=1
Repair: Added partition to metastore like_table:dt=20110924/hour=2
Repair: Added partition to metastore like_table:dt=20110925/hour=1
Repair: Added partition to metastore like_table:dt=20110925/hour=2
PREHOOK: query: SELECT * FROM blobstore_partitioned_source_table
PREHOOK: type: QUERY
PREHOOK: Input: default@blobstore_partitioned_source_table
PREHOOK: Input: default@blobstore_partitioned_source_table@dt=20110924/hour=1
PREHOOK: Input: default@blobstore_partitioned_source_table@dt=20110924/hour=2
PREHOOK: Input: default@blobstore_partitioned_source_table@dt=20110925/hour=1
PREHOOK: Input: default@blobstore_partitioned_source_table@dt=20110925/hour=2
#### A masked pattern was here ####
POSTHOOK: query: SELECT * FROM blobstore_partitioned_source_table
POSTHOOK: type: QUERY
POSTHOOK: Input: default@blobstore_partitioned_source_table
POSTHOOK: Input: default@blobstore_partitioned_source_table@dt=20110924/hour=1
POSTHOOK: Input: default@blobstore_partitioned_source_table@dt=20110924/hour=2
POSTHOOK: Input: default@blobstore_partitioned_source_table@dt=20110925/hour=1
POSTHOOK: Input: default@blobstore_partitioned_source_table@dt=20110925/hour=2
#### A masked pattern was here ####
1	23	a1	20110924	1
2	24	b1	20110924	1
3	25	c1	20110924	1
1	23	a1	20110924	2
2	24	b1	20110924	2
3	25	c1	20110924	2
1	23	a1	20110925	1
2	24	b1	20110925	1
3	25	c1	20110925	1
1	23	a1	20110925	2
2	24	b1	20110925	2
3	25	c1	20110925	2
PREHOOK: query: SELECT * FROM like_table
PREHOOK: type: QUERY
PREHOOK: Input: default@like_table
PREHOOK: Input: default@like_table@dt=20110924/hour=1
PREHOOK: Input: default@like_table@dt=20110924/hour=2
PREHOOK: Input: default@like_table@dt=20110925/hour=1
PREHOOK: Input: default@like_table@dt=20110925/hour=2
#### A masked pattern was here ####
POSTHOOK: query: SELECT * FROM like_table
POSTHOOK: type: QUERY
POSTHOOK: Input: default@like_table
POSTHOOK: Input: default@like_table@dt=20110924/hour=1
POSTHOOK: Input: default@like_table@dt=20110924/hour=2
POSTHOOK: Input: default@like_table@dt=20110925/hour=1
POSTHOOK: Input: default@like_table@dt=20110925/hour=2
#### A masked pattern was here ####
1	23	a1	20110924	1
2	24	b1	20110924	1
3	25	c1	20110924	1
1	23	a1	20110924	2
2	24	b1	20110924	2
3	25	c1	20110924	2
1	23	a1	20110925	1
2	24	b1	20110925	1
3	25	c1	20110925	1
1	23	a1	20110925	2
2	24	b1	20110925	2
3	25	c1	20110925	2
PREHOOK: query: DROP TABLE like_table
PREHOOK: type: DROPTABLE
PREHOOK: Input: default@like_table
PREHOOK: Output: default@like_table
POSTHOOK: query: DROP TABLE like_table
POSTHOOK: type: DROPTABLE
POSTHOOK: Input: default@like_table
POSTHOOK: Output: default@like_table
PREHOOK: query: SELECT * FROM blobstore_partitioned_source_table
PREHOOK: type: QUERY
PREHOOK: Input: default@blobstore_partitioned_source_table
PREHOOK: Input: default@blobstore_partitioned_source_table@dt=20110924/hour=1
PREHOOK: Input: default@blobstore_partitioned_source_table@dt=20110924/hour=2
PREHOOK: Input: default@blobstore_partitioned_source_table@dt=20110925/hour=1
PREHOOK: Input: default@blobstore_partitioned_source_table@dt=20110925/hour=2
#### A masked pattern was here ####
POSTHOOK: query: SELECT * FROM blobstore_partitioned_source_table
POSTHOOK: type: QUERY
POSTHOOK: Input: default@blobstore_partitioned_source_table
POSTHOOK: Input: default@blobstore_partitioned_source_table@dt=20110924/hour=1
POSTHOOK: Input: default@blobstore_partitioned_source_table@dt=20110924/hour=2
POSTHOOK: Input: default@blobstore_partitioned_source_table@dt=20110925/hour=1
POSTHOOK: Input: default@blobstore_partitioned_source_table@dt=20110925/hour=2
#### A masked pattern was here ####
1	23	a1	20110924	1
2	24	b1	20110924	1
3	25	c1	20110924	1
1	23	a1	20110924	2
2	24	b1	20110924	2
3	25	c1	20110924	2
1	23	a1	20110925	1
2	24	b1	20110925	1
3	25	c1	20110925	1
1	23	a1	20110925	2
2	24	b1	20110925	2
3	25	c1	20110925	2
