PREHOOK: query: set role nosuchroleexists
PREHOOK: type: SHOW_ROLES
FAILED: Execution Error, return code 1 from org.apache.hadoop.hive.ql.exec.DDLTask. hive_test_user doesn't belong to role nosuchroleexists
