FAILED: SemanticException [Error 10202]: Duplicate skewed column name: key
