PREHOOK: query: drop table over10k
PREHOOK: type: DROPTABLE
POSTHOOK: query: drop table over10k
POSTHOOK: type: DROPTABLE
PREHOOK: query: create table over10k(
           t tinyint,
           si smallint,
           i int,
           b bigint,
           f float,
           d double,
           bo boolean,
           s string,
           ts timestamp,
           `dec` decimal(4,2),
           bin binary)
       row format delimited
       fields terminated by '|'
PREHOOK: type: CREATETABLE
PREHOOK: Output: database:default
PREHOOK: Output: default@over10k
POSTHOOK: query: create table over10k(
           t tinyint,
           si smallint,
           i int,
           b bigint,
           f float,
           d double,
           bo boolean,
           s string,
           ts timestamp,
           `dec` decimal(4,2),
           bin binary)
       row format delimited
       fields terminated by '|'
POSTHOOK: type: CREATETABLE
POSTHOOK: Output: database:default
POSTHOOK: Output: default@over10k
PREHOOK: query: load data local inpath '../../data/files/over10k' into table over10k
PREHOOK: type: LOAD
#### A masked pattern was here ####
PREHOOK: Output: default@over10k
POSTHOOK: query: load data local inpath '../../data/files/over10k' into table over10k
POSTHOOK: type: LOAD
#### A masked pattern was here ####
POSTHOOK: Output: default@over10k
FAILED: ParseException line 4:7 cannot recognize input near 'distinct' 'first_value' '(' in selection target
