PREHOOK: query: create table amvnsp_table (a int, b varchar(256), c decimal(10,2))
PREHOOK: type: CREATETABLE
PREHOOK: Output: database:default
PREHOOK: Output: default@amvnsp_table
POSTHOOK: query: create table amvnsp_table (a int, b varchar(256), c decimal(10,2))
POSTHOOK: type: CREATETABLE
POSTHOOK: Output: database:default
POSTHOOK: Output: default@amvnsp_table
PREHOOK: query: insert into amvnsp_table values (1, 'alfred', 10.30),(2, 'bob', 3.14),(2, 'bonnie', 172342.2),(3, 'calvin', 978.76),(3, 'charlie', 9.8)
PREHOOK: type: QUERY
PREHOOK: Input: _dummy_database@_dummy_table
PREHOOK: Output: default@amvnsp_table
POSTHOOK: query: insert into amvnsp_table values (1, 'alfred', 10.30),(2, 'bob', 3.14),(2, 'bonnie', 172342.2),(3, 'calvin', 978.76),(3, 'charlie', 9.8)
POSTHOOK: type: QUERY
POSTHOOK: Input: _dummy_database@_dummy_table
POSTHOOK: Output: default@amvnsp_table
POSTHOOK: Lineage: amvnsp_table.a SCRIPT []
POSTHOOK: Lineage: amvnsp_table.b SCRIPT []
POSTHOOK: Lineage: amvnsp_table.c SCRIPT []
FAILED: HiveAccessControlException Permission denied: Principal [name=user2, type=USER] does not have following privileges for operation CREATE_MATERIALIZED_VIEW [[SELECT with grant] on Object [type=TABLE_OR_VIEW, name=default.amvnsp_table]]
