FAILED: UDFArgumentException explode() takes only one argument
