Warning: Map Join MAPJOIN[605][bigTable=?] in task 'Reducer 5' is a cross product
Warning: Map Join MAPJOIN[604][bigTable=?] in task 'Reducer 5' is a cross product
Warning: Map Join MAPJOIN[603][bigTable=?] in task 'Reducer 5' is a cross product
Warning: Map Join MAPJOIN[602][bigTable=?] in task 'Reducer 5' is a cross product
Warning: Map Join MAPJOIN[601][bigTable=?] in task 'Reducer 5' is a cross product
Warning: Map Join MAPJOIN[600][bigTable=?] in task 'Reducer 5' is a cross product
Warning: Map Join MAPJOIN[599][bigTable=?] in task 'Reducer 5' is a cross product
CBO PLAN:
HiveProject($f0=[$0], $f00=[$7], $f01=[$6], $f02=[$5], $f03=[$4], $f04=[$3], $f05=[$2], $f06=[$1])
  HiveJoin(condition=[true], joinType=[inner], algorithm=[none], cost=[not available])
    HiveJoin(condition=[true], joinType=[inner], algorithm=[none], cost=[not available])
      HiveJoin(condition=[true], joinType=[inner], algorithm=[none], cost=[not available])
        HiveJoin(condition=[true], joinType=[inner], algorithm=[none], cost=[not available])
          HiveJoin(condition=[true], joinType=[inner], algorithm=[none], cost=[not available])
            HiveJoin(condition=[true], joinType=[inner], algorithm=[none], cost=[not available])
              HiveJoin(condition=[true], joinType=[inner], algorithm=[none], cost=[not available])
                HiveProject($f0=[$0])
                  HiveAggregate(group=[{}], agg#0=[count()])
                    HiveJoin(condition=[=($2, $5)], joinType=[inner], algorithm=[none], cost=[not available])
                      HiveJoin(condition=[=($1, $4)], joinType=[inner], algorithm=[none], cost=[not available])
                        HiveJoin(condition=[=($0, $3)], joinType=[inner], algorithm=[none], cost=[not available])
                          HiveProject(ss_sold_time_sk=[$0], ss_hdemo_sk=[$4], ss_store_sk=[$6])
                            HiveFilter(condition=[AND(IS NOT NULL($6), IS NOT NULL($4), IS NOT NULL($0))])
                              HiveTableScan(table=[[default, store_sales]], table:alias=[store_sales])
                          HiveProject(t_time_sk=[$0])
                            HiveFilter(condition=[AND(=($3, 8), >=($4, 30))])
                              HiveTableScan(table=[[default, time_dim]], table:alias=[time_dim])
                        HiveProject(hd_demo_sk=[$0])
                          HiveFilter(condition=[AND(IN($3, 3, 0, 1), OR(AND(=($3, 3), <=($4, 5)), AND(=($3, 0), <=($4, 2)), AND(=($3, 1), <=($4, 3))), OR(<=($4, 5), <=($4, 2), <=($4, 3)))])
                            HiveTableScan(table=[[default, household_demographics]], table:alias=[household_demographics])
                      HiveProject(s_store_sk=[$0])
                        HiveFilter(condition=[=($5, _UTF-16LE'ese')])
                          HiveTableScan(table=[[default, store]], table:alias=[store])
                HiveProject($f0=[$0])
                  HiveAggregate(group=[{}], agg#0=[count()])
                    HiveJoin(condition=[=($2, $5)], joinType=[inner], algorithm=[none], cost=[not available])
                      HiveJoin(condition=[=($1, $4)], joinType=[inner], algorithm=[none], cost=[not available])
                        HiveJoin(condition=[=($0, $3)], joinType=[inner], algorithm=[none], cost=[not available])
                          HiveProject(ss_sold_time_sk=[$0], ss_hdemo_sk=[$4], ss_store_sk=[$6])
                            HiveFilter(condition=[AND(IS NOT NULL($6), IS NOT NULL($4), IS NOT NULL($0))])
                              HiveTableScan(table=[[default, store_sales]], table:alias=[store_sales])
                          HiveProject(t_time_sk=[$0])
                            HiveFilter(condition=[AND(=($3, 12), <($4, 30))])
                              HiveTableScan(table=[[default, time_dim]], table:alias=[time_dim])
                        HiveProject(hd_demo_sk=[$0])
                          HiveFilter(condition=[AND(IN($3, 3, 0, 1), OR(AND(=($3, 3), <=($4, 5)), AND(=($3, 0), <=($4, 2)), AND(=($3, 1), <=($4, 3))), OR(<=($4, 5), <=($4, 2), <=($4, 3)))])
                            HiveTableScan(table=[[default, household_demographics]], table:alias=[household_demographics])
                      HiveProject(s_store_sk=[$0])
                        HiveFilter(condition=[=($5, _UTF-16LE'ese')])
                          HiveTableScan(table=[[default, store]], table:alias=[store])
              HiveProject($f0=[$0])
                HiveAggregate(group=[{}], agg#0=[count()])
                  HiveJoin(condition=[=($2, $5)], joinType=[inner], algorithm=[none], cost=[not available])
                    HiveJoin(condition=[=($1, $4)], joinType=[inner], algorithm=[none], cost=[not available])
                      HiveJoin(condition=[=($0, $3)], joinType=[inner], algorithm=[none], cost=[not available])
                        HiveProject(ss_sold_time_sk=[$0], ss_hdemo_sk=[$4], ss_store_sk=[$6])
                          HiveFilter(condition=[AND(IS NOT NULL($6), IS NOT NULL($4), IS NOT NULL($0))])
                            HiveTableScan(table=[[default, store_sales]], table:alias=[store_sales])
                        HiveProject(t_time_sk=[$0])
                          HiveFilter(condition=[AND(=($3, 11), >=($4, 30))])
                            HiveTableScan(table=[[default, time_dim]], table:alias=[time_dim])
                      HiveProject(hd_demo_sk=[$0])
                        HiveFilter(condition=[AND(IN($3, 3, 0, 1), OR(AND(=($3, 3), <=($4, 5)), AND(=($3, 0), <=($4, 2)), AND(=($3, 1), <=($4, 3))), OR(<=($4, 5), <=($4, 2), <=($4, 3)))])
                          HiveTableScan(table=[[default, household_demographics]], table:alias=[household_demographics])
                    HiveProject(s_store_sk=[$0])
                      HiveFilter(condition=[=($5, _UTF-16LE'ese')])
                        HiveTableScan(table=[[default, store]], table:alias=[store])
            HiveProject($f0=[$0])
              HiveAggregate(group=[{}], agg#0=[count()])
                HiveJoin(condition=[=($2, $5)], joinType=[inner], algorithm=[none], cost=[not available])
                  HiveJoin(condition=[=($1, $4)], joinType=[inner], algorithm=[none], cost=[not available])
                    HiveJoin(condition=[=($0, $3)], joinType=[inner], algorithm=[none], cost=[not available])
                      HiveProject(ss_sold_time_sk=[$0], ss_hdemo_sk=[$4], ss_store_sk=[$6])
                        HiveFilter(condition=[AND(IS NOT NULL($6), IS NOT NULL($4), IS NOT NULL($0))])
                          HiveTableScan(table=[[default, store_sales]], table:alias=[store_sales])
                      HiveProject(t_time_sk=[$0])
                        HiveFilter(condition=[AND(=($3, 11), <($4, 30))])
                          HiveTableScan(table=[[default, time_dim]], table:alias=[time_dim])
                    HiveProject(hd_demo_sk=[$0])
                      HiveFilter(condition=[AND(IN($3, 3, 0, 1), OR(AND(=($3, 3), <=($4, 5)), AND(=($3, 0), <=($4, 2)), AND(=($3, 1), <=($4, 3))), OR(<=($4, 5), <=($4, 2), <=($4, 3)))])
                        HiveTableScan(table=[[default, household_demographics]], table:alias=[household_demographics])
                  HiveProject(s_store_sk=[$0])
                    HiveFilter(condition=[=($5, _UTF-16LE'ese')])
                      HiveTableScan(table=[[default, store]], table:alias=[store])
          HiveProject($f0=[$0])
            HiveAggregate(group=[{}], agg#0=[count()])
              HiveJoin(condition=[=($2, $5)], joinType=[inner], algorithm=[none], cost=[not available])
                HiveJoin(condition=[=($1, $4)], joinType=[inner], algorithm=[none], cost=[not available])
                  HiveJoin(condition=[=($0, $3)], joinType=[inner], algorithm=[none], cost=[not available])
                    HiveProject(ss_sold_time_sk=[$0], ss_hdemo_sk=[$4], ss_store_sk=[$6])
                      HiveFilter(condition=[AND(IS NOT NULL($6), IS NOT NULL($4), IS NOT NULL($0))])
                        HiveTableScan(table=[[default, store_sales]], table:alias=[store_sales])
                    HiveProject(t_time_sk=[$0])
                      HiveFilter(condition=[AND(=($3, 10), >=($4, 30))])
                        HiveTableScan(table=[[default, time_dim]], table:alias=[time_dim])
                  HiveProject(hd_demo_sk=[$0])
                    HiveFilter(condition=[AND(IN($3, 3, 0, 1), OR(AND(=($3, 3), <=($4, 5)), AND(=($3, 0), <=($4, 2)), AND(=($3, 1), <=($4, 3))), OR(<=($4, 5), <=($4, 2), <=($4, 3)))])
                      HiveTableScan(table=[[default, household_demographics]], table:alias=[household_demographics])
                HiveProject(s_store_sk=[$0])
                  HiveFilter(condition=[=($5, _UTF-16LE'ese')])
                    HiveTableScan(table=[[default, store]], table:alias=[store])
        HiveProject($f0=[$0])
          HiveAggregate(group=[{}], agg#0=[count()])
            HiveJoin(condition=[=($2, $5)], joinType=[inner], algorithm=[none], cost=[not available])
              HiveJoin(condition=[=($1, $4)], joinType=[inner], algorithm=[none], cost=[not available])
                HiveJoin(condition=[=($0, $3)], joinType=[inner], algorithm=[none], cost=[not available])
                  HiveProject(ss_sold_time_sk=[$0], ss_hdemo_sk=[$4], ss_store_sk=[$6])
                    HiveFilter(condition=[AND(IS NOT NULL($6), IS NOT NULL($4), IS NOT NULL($0))])
                      HiveTableScan(table=[[default, store_sales]], table:alias=[store_sales])
                  HiveProject(t_time_sk=[$0])
                    HiveFilter(condition=[AND(=($3, 10), <($4, 30))])
                      HiveTableScan(table=[[default, time_dim]], table:alias=[time_dim])
                HiveProject(hd_demo_sk=[$0])
                  HiveFilter(condition=[AND(IN($3, 3, 0, 1), OR(AND(=($3, 3), <=($4, 5)), AND(=($3, 0), <=($4, 2)), AND(=($3, 1), <=($4, 3))), OR(<=($4, 5), <=($4, 2), <=($4, 3)))])
                    HiveTableScan(table=[[default, household_demographics]], table:alias=[household_demographics])
              HiveProject(s_store_sk=[$0])
                HiveFilter(condition=[=($5, _UTF-16LE'ese')])
                  HiveTableScan(table=[[default, store]], table:alias=[store])
      HiveProject($f0=[$0])
        HiveAggregate(group=[{}], agg#0=[count()])
          HiveJoin(condition=[=($2, $5)], joinType=[inner], algorithm=[none], cost=[not available])
            HiveJoin(condition=[=($1, $4)], joinType=[inner], algorithm=[none], cost=[not available])
              HiveJoin(condition=[=($0, $3)], joinType=[inner], algorithm=[none], cost=[not available])
                HiveProject(ss_sold_time_sk=[$0], ss_hdemo_sk=[$4], ss_store_sk=[$6])
                  HiveFilter(condition=[AND(IS NOT NULL($6), IS NOT NULL($4), IS NOT NULL($0))])
                    HiveTableScan(table=[[default, store_sales]], table:alias=[store_sales])
                HiveProject(t_time_sk=[$0])
                  HiveFilter(condition=[AND(=($3, 9), >=($4, 30))])
                    HiveTableScan(table=[[default, time_dim]], table:alias=[time_dim])
              HiveProject(hd_demo_sk=[$0])
                HiveFilter(condition=[AND(IN($3, 3, 0, 1), OR(AND(=($3, 3), <=($4, 5)), AND(=($3, 0), <=($4, 2)), AND(=($3, 1), <=($4, 3))), OR(<=($4, 5), <=($4, 2), <=($4, 3)))])
                  HiveTableScan(table=[[default, household_demographics]], table:alias=[household_demographics])
            HiveProject(s_store_sk=[$0])
              HiveFilter(condition=[=($5, _UTF-16LE'ese')])
                HiveTableScan(table=[[default, store]], table:alias=[store])
    HiveProject($f0=[$0])
      HiveAggregate(group=[{}], agg#0=[count()])
        HiveJoin(condition=[=($2, $5)], joinType=[inner], algorithm=[none], cost=[not available])
          HiveJoin(condition=[=($1, $4)], joinType=[inner], algorithm=[none], cost=[not available])
            HiveJoin(condition=[=($0, $3)], joinType=[inner], algorithm=[none], cost=[not available])
              HiveProject(ss_sold_time_sk=[$0], ss_hdemo_sk=[$4], ss_store_sk=[$6])
                HiveFilter(condition=[AND(IS NOT NULL($6), IS NOT NULL($4), IS NOT NULL($0))])
                  HiveTableScan(table=[[default, store_sales]], table:alias=[store_sales])
              HiveProject(t_time_sk=[$0])
                HiveFilter(condition=[AND(=($3, 9), <($4, 30))])
                  HiveTableScan(table=[[default, time_dim]], table:alias=[time_dim])
            HiveProject(hd_demo_sk=[$0])
              HiveFilter(condition=[AND(IN($3, 3, 0, 1), OR(AND(=($3, 3), <=($4, 5)), AND(=($3, 0), <=($4, 2)), AND(=($3, 1), <=($4, 3))), OR(<=($4, 5), <=($4, 2), <=($4, 3)))])
                HiveTableScan(table=[[default, household_demographics]], table:alias=[household_demographics])
          HiveProject(s_store_sk=[$0])
            HiveFilter(condition=[=($5, _UTF-16LE'ese')])
              HiveTableScan(table=[[default, store]], table:alias=[store])

